2026-08-28 04:23:26 🚀 Démarrage du bot Aegis...
2026-08-28 04:24:25 ✅ Exchange KRAKEN connecté avec succès.
2026-08-28 04:24:42 🔄 Synchronisation manuelle des balances...
2026-08-28 04:25:33 ✅ Balances et positions mises à jour | Ledger Kraken: 0 entrée(s)
2026-08-28 04:25:33 🔄 FRAIS SYNCHRONISÉS: Taker: 0.400% | Profit Min Optimal (frais couverts): 1.000% | Profit Target Effectif: 3.000%
2026-08-28 04:25:33 📊 Calcul win rate global (30 derniers jours)...
2026-08-28 04:25:57 📊 Win Rate (30j): 37.5% | 24 cycles | +0.26 USD
2026-08-28 04:25:57 🔍 Vérification positions existantes...
2026-08-28 04:26:51 📊 +0.26 | 24 trades (38% win) (30j)
2026-08-28 04:26:51 ⏳ Aucune position
2026-08-28 04:27:45 💳 SPOT: USD 27.31
2026-08-28 04:27:45 ⚡ 04:27:45 | ETH 2498.59 | BTC 79800.70 | SOL 106.61
2026-08-28 04:27:45 📈 EXPOSITION GLOBALE: 0.0% / 100% | PERTE HEBDO: -0.58 USD
2026-08-28 04:28:17 ✅ Quantité ajustée au minimum exchange: 0.06000000
2026-08-28 04:29:44 📊 Win Rate (30j): 37.5% | 24 cycles | +0.26 USD
2026-08-28 04:29:47 📊 +0.26 | 24 trades (38% win) (30j)
2026-08-28 04:29:47 ⏳ Aucune position
2026-08-28 04:30:40 💳 SPOT: USD 27.31
2026-08-28 04:30:40 ⚡ 04:30:40 | BTC 79792.10 [DOWN 85%] | ETH 2498.38 [DOWN 70%] | SOL 106.58
2026-08-28 04:30:49 📈 EXPOSITION GLOBALE: 0.0% / 100% | PERTE HEBDO: -0.58 USD
2026-08-28 04:32:44 📊 +0.26 | 24 trades (38% win) (30j)
2026-08-28 04:32:44 ⏳ Aucune position
2026-08-28 04:33:37 💳 SPOT: USD 27.31
2026-08-28 04:33:37 ⚡ 04:33:37 | BTC 79779.40 [DOWN 70%] | ETH 2497.32 [DOWN 70%] | SOL 106.55 [DOWN 85%]
2026-08-28 04:33:37 📈 EXPOSITION GLOBALE: 0.0% / 100% | PERTE HEBDO: -0.58 USD
2026-08-28 04:33:49 ✅ Quantité ajustée au minimum exchange: 0.06000000
2026-08-28 04:35:44 📊 +0.26 | 24 trades (38% win) (30j)
2026-08-28 04:35:44 ⏳ Aucune position
2026-08-28 04:37:33 🚀 Démarrage du bot Aegis...
2026-08-28 04:37:56 ✅ Exchange KRAKEN connecté avec succès.
2026-08-28 04:39:03 🔄 Synchronisation manuelle des balances...
2026-08-28 04:39:41 ⚠️ WS déconnecté depuis 100s. Nouvelle tentative dans 2s (Tentative 1)
2026-08-28 04:40:07 ✅ Balances et positions mises à jour | Ledger Kraken: 0 entrée(s)
2026-08-28 04:40:07 🔄 FRAIS SYNCHRONISÉS: Taker: 0.400% | Profit Min Optimal (frais couverts): 1.000% | Profit Target Effectif: 3.000%
2026-08-28 04:40:07 📊 Calcul win rate global (30 derniers jours)...
2026-08-28 04:40:25 📊 Win Rate (30j): 37.5% | 24 cycles | +0.26 USD
2026-08-28 04:40:25 🔍 Vérification positions existantes...
2026-08-28 04:41:20 📊 +0.26 | 24 trades (38% win) (30j)
2026-08-28 04:41:20 ⏳ Aucune position
2026-08-28 04:42:11 ✅ Quantité ajustée au minimum exchange: 0.06000000
2026-08-28 04:42:13 💳 SPOT: USD 27.31
2026-08-28 04:42:13 ⚡ 04:42:13 | BTC 79812.60 [UP 70%] | ETH 2496.25 | SOL 106.63
2026-08-28 04:42:13 📈 EXPOSITION GLOBALE: 0.0% / 100% | PERTE HEBDO: -0.58 USD
2026-08-28 04:44:13 📊 Win Rate (30j): 37.5% | 24 cycles | +0.26 USD
2026-08-28 04:44:15 📊 +0.26 | 24 trades (38% win) (30j)
2026-08-28 04:44:15 ⏳ Aucune position
2026-08-28 04:45:08 💳 SPOT: USD 27.31
2026-08-28 04:45:08 ⚡ 04:45:08 | ETH 2495.04 [DOWN 85%] | BTC 79734.10 [DOWN 85%] | SOL 106.50
2026-08-28 04:45:09 📈 EXPOSITION GLOBALE: 0.0% / 100% | PERTE HEBDO: -0.58 USD
2026-08-28 04:46:05 ⚡ Analyse forcée suite à tendance cumulative SOL/USD
2026-08-28 04:46:55 📊 +0.26 | 24 trades (38% win) (30j)
2026-08-28 04:46:55 ⏳ Aucune position
2026-08-28 04:47:48 💳 SPOT: USD 27.31
2026-08-28 04:47:48 ⚡ 04:47:48 | BTC 79600.10 | ETH 2491.01 | SOL 106.09 [DOWN 85%]
2026-08-28 04:47:48 📈 EXPOSITION GLOBALE: 0.0% / 100% | PERTE HEBDO: -0.58 USD
2026-08-28 04:48:10 ✅ Quantité ajustée au minimum exchange: 0.06000000
2026-08-28 04:49:33 ⚡ Analyse forcée suite à tendance cumulative BTC/USD
2026-08-28 04:49:35 📊 +0.26 | 24 trades (38% win) (30j)
2026-08-28 04:49:35 ⏳ Aucune position
2026-08-28 04:50:21 ⚡ Analyse forcée suite à tendance cumulative ADA/USD
2026-08-28 04:50:27 💳 SPOT: USD 27.31
2026-08-28 04:50:27 ⚡ 04:50:27 | BTC 79500.00 [DOWN 85%] | ETH 2487.97 [DOWN 85%] | SOL 105.85 [DOWN 85%]
2026-08-28 04:50:28 ⚡ Analyse forcée suite à tendance cumulative SOL/USD
2026-08-28 04:50:28 📈 EXPOSITION GLOBALE: 0.0% / 100% | PERTE HEBDO: -0.58 USD
2026-08-28 04:51:17 ⚠️ Erreur évaluation ExitDecisionEngine ADA/USD: kraken {"error":["EAPI:Invalid nonce"]}
2026-08-28 04:52:13 📊 +0.26 | 24 trades (38% win) (30j)
2026-08-28 04:52:13 ⏳ Aucune position
2026-08-28 04:52:24 ⚡ Analyse forcée suite à tendance cumulative SOL/USD
2026-08-28 04:53:06 💳 SPOT: USD 27.31
2026-08-28 04:53:06 ⚡ 04:53:06 | BTC 79557.40 | ETH 2490.13 | SOL 106.20
2026-08-28 04:53:06 📈 EXPOSITION GLOBALE: 0.0% / 100% | PERTE HEBDO: -0.58 USD
2026-08-28 04:53:59 ✅ Quantité ajustée au minimum exchange: 0.06000000
2026-08-28 04:54:53 📊 +0.26 | 24 trades (38% win) (30j)
2026-08-28 04:54:53 ⏳ Aucune position
2026-08-28 04:55:46 💳 SPOT: USD 27.31
2026-08-28 04:55:46 ⚡ 04:55:46 | BTC 79557.20 | SOL 106.15 | ETH 2488.99
2026-08-28 04:55:46 📈 EXPOSITION GLOBALE: 0.0% / 100% | PERTE HEBDO: -0.58 USD
2026-08-28 04:57:37 📊 +0.26 | 24 trades (38% win) (30j)
2026-08-28 04:57:37 ⏳ Aucune position
2026-08-28 04:58:30 💳 SPOT: USD 27.31
2026-08-28 04:58:30 ⚡ 04:58:30 | BTC 79526.80 [DOWN 85%] | ETH 2488.18 [DOWN 85%] | SOL 106.10 [DOWN 85%]
2026-08-28 04:58:30 📈 EXPOSITION GLOBALE: 0.0% / 100% | PERTE HEBDO: -0.58 USD
2026-08-28 05:00:07 ✅ Quantité ajustée au minimum exchange: 0.06000000
2026-08-28 05:00:16 📊 +0.26 | 24 trades (38% win) (30j)
2026-08-28 05:00:16 ⏳ Aucune position
2026-08-28 05:01:10 💳 SPOT: USD 27.31
2026-08-28 05:01:10 ⚡ 05:01:10 | ETH 2487.84 | BTC 79497.60 [DOWN 85%] | SOL 106.09 [DOWN 85%]
2026-08-28 05:01:10 📈 EXPOSITION GLOBALE: 0.0% / 100% | PERTE HEBDO: -0.58 USD
2026-08-28 05:01:35 ⚡ Analyse forcée suite à tendance cumulative BTC/USD
2026-08-28 05:02:56 📊 +0.26 | 24 trades (38% win) (30j)
2026-08-28 05:02:56 ⏳ Aucune position
2026-08-28 05:03:49 💳 SPOT: USD 27.31
2026-08-28 05:03:49 ⚡ 05:03:49 | ETH 2486.41 | BTC 79373.50 | SOL 106.02 [DOWN 85%]
2026-08-28 05:03:49 📈 EXPOSITION GLOBALE: 0.0% / 100% | PERTE HEBDO: -0.58 USD
2026-08-28 05:05:46 ✅ Quantité ajustée au minimum exchange: 0.06000000
2026-08-28 05:05:55 📊 +0.26 | 24 trades (38% win) (30j)
2026-08-28 05:05:55 ⏳ Aucune position
2026-08-28 05:06:49 💳 SPOT: USD 27.31
2026-08-28 05:06:49 ⚡ 05:06:49 | BTC 79371.30 [DOWN 85%] | ETH 2491.26 [UP 85%] | SOL 106.26
2026-08-28 05:06:49 📈 EXPOSITION GLOBALE: 0.0% / 100% | PERTE HEBDO: -0.58 USD
2026-08-28 05:07:34 ⚡ Analyse forcée suite à tendance cumulative ETH/USD
2026-08-28 05:08:47 📊 +0.26 | 24 trades (38% win) (30j)
2026-08-28 05:08:47 ⏳ Aucune position
2026-08-28 05:09:40 💳 SPOT: USD 27.31
2026-08-28 05:09:40 ⚡ 05:09:40 | ETH 2492.14 | BTC 79462.30 [UP 85%] | SOL 106.40 [DOWN 80%]
2026-08-28 05:09:40 📈 EXPOSITION GLOBALE: 0.0% / 100% | PERTE HEBDO: -0.58 USD
2026-08-28 05:11:29 ✅ Quantité ajustée au minimum exchange: 0.06000000
2026-08-28 05:11:31 📊 +0.26 | 24 trades (38% win) (30j)
2026-08-28 05:11:31 ⏳ Aucune position
2026-08-28 05:12:24 💳 SPOT: USD 27.31
2026-08-28 05:12:24 ⚡ 05:12:24 | BTC 79444.30 | ETH 2491.92 | SOL 106.46
2026-08-28 05:12:24 📈 EXPOSITION GLOBALE: 0.0% / 100% | PERTE HEBDO: -0.58 USD
