
> frontend@0.0.0 build C:\Users\baloc\Projects\aegis\ui\app
> tsc -b && vite build

[36mvite v8.1.5 [32mbuilding client environment for production...[36m[39m
[2Ktransforming...✓ 2161 modules transformed.
rendering chunks...
computing gzip size...
../public/spa/index.html                             0.79 kB │ gzip:   0.39 kB
../public/spa/assets/index-BqRj7gcD.css             51.20 kB │ gzip:   9.22 kB
../public/spa/assets/rolldown-runtime-QTnfLwEv.js    0.69 kB │ gzip:   0.42 kB
../public/spa/assets/index-B0xSTfhD.js             126.58 kB │ gzip:  31.23 kB
../public/spa/assets/amcharts-D0YTr5-2.js          416.63 kB │ gzip: 107.81 kB
../public/spa/assets/vendor-DGgFipL8.js            497.58 kB │ gzip: 161.63 kB

[32m✓ built in 1.48s[39m
